// Jest Snapshot v1, https://goo.gl/fbAQLP

exports[`renders correctly 1`] = `
<div
  class="modal-container"
  data-testid="confirmation-modal"
  style="display: flex;"
>
  <div
    class="modal"
  >
    <div
      class="content"
    >
      <svg
        aria-hidden="true"
        class="icon"
        fill="none"
        stroke="currentColor"
        stroke-width="1.5"
        viewBox="0 0 24 24"
        xmlns="http://www.w3.org/2000/svg"
      >
        <path
          d="M12 10.5v3.75m-9.303 3.376C1.83 19.126 2.914 21 4.645 21h14.71c1.73 0 2.813-1.874 1.948-3.374L13.949 4.88c-.866-1.501-3.032-1.501-3.898 0L2.697 17.626zM12 17.25h.007v.008H12v-.008z"
          stroke-linecap="round"
          stroke-linejoin="round"
        />
      </svg>
       
      Are you sure you want to do that?
    </div>
    <div
      class="buttons"
    >
      <button
        class="button positive"
        style="font-size: 2rem; padding: 1rem; margin: 0px; flex-grow: 1; display: flex; justify-content: center; align-items: center; border: 0px; border-radius: 0;"
        type="button"
      >
        Yes
      </button>
      <button
        class="button negative"
        style="font-size: 2rem; padding: 1rem; margin: 0px; flex-grow: 1; display: flex; justify-content: center; align-items: center; border: 0px; border-radius: 0;"
        type="button"
      >
        No
      </button>
    </div>
  </div>
</div>
`;
