// Jest Snapshot v1, https://goo.gl/fbAQLP

exports[`renders correctly 1`] = `
<div
  class="summons"
  data-testid="summon-form-fields"
>
  <button
    class="button positive"
    style="font-size: 1.3rem; padding: 1rem; margin: 0.25rem; display: flex; align-items: center;"
    type="button"
  >
    <svg
      aria-hidden="true"
      class="button-icon"
      fill="currentColor"
      viewBox="0 0 24 24"
      xmlns="http://www.w3.org/2000/svg"
    >
      <path
        clip-rule="evenodd"
        d="M12 3.75a.75.75 0 01.75.75v6.75h6.75a.75.75 0 010 1.5h-6.75v6.75a.75.75 0 01-1.5 0v-6.75H4.5a.75.75 0 010-1.5h6.75V4.5a.75.75 0 01.75-.75z"
        fill-rule="evenodd"
      />
    </svg>
     Add Summon
  </button>
</div>
`;
