// Jest Snapshot v1, https://goo.gl/fbAQLP

exports[`renders correctly 1`] = `
<section
  class="preview"
  data-testid="preview"
>
  <h2>
    Spells
  </h2>
  <div
    class="items"
  >
    <div
      class="item"
      data-testid="spell-item"
    >
      <div
        class="spell-info"
      >
        <svg
          class="school-icon"
        >
          <use
            xlink:href="/Icons.svg#transmutation"
          />
        </svg>
        Mending
      </div>
      <button
        class="button positive"
        style="font-size: 0.7rem; padding: 0.3rem; margin: 0.25rem;"
        type="button"
      >
        More Info
      </button>
    </div>
    <div
      class="item"
      data-testid="spell-item"
    >
      <div
        class="spell-info"
      >
        <svg
          class="school-icon"
        >
          <use
            xlink:href="/Icons.svg#transmutation"
          />
        </svg>
        Message
      </div>
      <button
        class="button positive"
        style="font-size: 0.7rem; padding: 0.3rem; margin: 0.25rem;"
        type="button"
      >
        More Info
      </button>
    </div>
    <div
      class="item"
      data-testid="spell-item"
    >
      <div
        class="spell-info"
      >
        <svg
          class="school-icon"
        >
          <use
            xlink:href="/Icons.svg#enchantment"
          />
        </svg>
        Vicious Mockery
      </div>
      <button
        class="button positive"
        style="font-size: 0.7rem; padding: 0.3rem; margin: 0.25rem;"
        type="button"
      >
        More Info
      </button>
    </div>
    <div
      class="item"
      data-testid="spell-item"
    >
      <div
        class="spell-info"
      >
        <svg
          class="school-icon"
        >
          <use
            xlink:href="/Icons.svg#illusion"
          />
        </svg>
        Minor Illusion
      </div>
      <button
        class="button positive"
        style="font-size: 0.7rem; padding: 0.3rem; margin: 0.25rem;"
        type="button"
      >
        More Info
      </button>
    </div>
    <div
      class="item"
      data-testid="spell-item"
    >
      <div
        class="spell-info"
      >
        <svg
          class="school-icon"
        >
          <use
            xlink:href="/Icons.svg#evocation"
          />
        </svg>
        Dancing Lights
      </div>
      <button
        class="button positive"
        style="font-size: 0.7rem; padding: 0.3rem; margin: 0.25rem;"
        type="button"
      >
        More Info
      </button>
    </div>
  </div>
  <a
    class="arrow-link"
    data-testid="arrow-link"
    href="/my-stuff/spells"
  >
    See All Spells
    <svg
      aria-hidden="true"
      class="link-arrow"
      fill="currentColor"
      viewBox="0 0 24 24"
      xmlns="http://www.w3.org/2000/svg"
    >
      <path
        clip-rule="evenodd"
        d="M3.75 12a.75.75 0 01.75-.75h13.19l-5.47-5.47a.75.75 0 011.06-1.06l6.75 6.75a.75.75 0 010 1.06l-6.75 6.75a.75.75 0 11-1.06-1.06l5.47-5.47H4.5a.75.75 0 01-.75-.75z"
        fill-rule="evenodd"
      />
    </svg>
  </a>
</section>
`;
