// Jest Snapshot v1, https://goo.gl/fbAQLP

exports[`renders correctly 1`] = `
<main
  class="main"
  data-testid="create-index"
>
  <div
    class="content"
  >
    <h1>
      Create
    </h1>
    <div
      class="links"
    >
      <div
        class="create-link-container"
      >
        <a
          class="arrow-link"
          data-testid="arrow-link"
          href="/character/race"
        >
          Create Character
          <svg
            aria-hidden="true"
            class="link-arrow"
            fill="currentColor"
            viewBox="0 0 24 24"
            xmlns="http://www.w3.org/2000/svg"
          >
            <path
              clip-rule="evenodd"
              d="M3.75 12a.75.75 0 01.75-.75h13.19l-5.47-5.47a.75.75 0 011.06-1.06l6.75 6.75a.75.75 0 010 1.06l-6.75 6.75a.75.75 0 11-1.06-1.06l5.47-5.47H4.5a.75.75 0 01-.75-.75z"
              fill-rule="evenodd"
            />
          </svg>
        </a>
      </div>
    </div>
    <div
      class="create-account-blurb"
    >
      Create classes, spells, and more by
       
      <a
        class="create-account-link"
        href="/sign-up"
      >
        creating an account
      </a>
      .
    </div>
  </div>
</main>
`;
