// Jest Snapshot v1, https://goo.gl/fbAQLP

exports[`renders correctly 1`] = `
<div
  aria-label="Standard Array"
  class="abilities"
  role="region"
>
  <div
    class="ability"
  >
    <label
      id="str-select-label"
    >
      Strength
    </label>
    <div
      aria-labelledby="str-select-label"
      class="container"
      data-testid="str"
    >
      <button
        aria-expanded="false"
        aria-haspopup="listbox"
        class="button"
        data-testid="str-button"
        type="button"
      >
        8
        <svg
          aria-hidden="true"
          class="icon"
          fill="currentColor"
          viewBox="0 0 20 20"
          xmlns="http://www.w3.org/2000/svg"
        >
          <path
            clip-rule="evenodd"
            d="M5.293 7.293a1 1 0 011.414 0L10 10.586l3.293-3.293a1 1 0 111.414 1.414l-4 4a1 1 0 01-1.414 0l-4-4a1 1 0 010-1.414z"
            fill-rule="evenodd"
          />
        </svg>
      </button>
      <ul
        aria-activedescendant="8"
        class="list"
        data-testid="str-list"
        role="listbox"
        style="display: none;"
        tabindex="-1"
      >
        <li
          aria-selected="false"
          class="item"
          data-testid="str-data-blank"
          role="option"
          tabindex="0"
        >
          —
        </li>
        <li
          aria-selected="true"
          class="item selected"
          data-testid="str-data-8"
          role="option"
          tabindex="0"
        >
          8
        </li>
        <li
          aria-selected="false"
          class="item"
          data-testid="str-data-10"
          role="option"
          tabindex="0"
        >
          10
        </li>
        <li
          aria-selected="false"
          class="item"
          data-testid="str-data-12"
          role="option"
          tabindex="0"
        >
          12
        </li>
        <li
          aria-selected="false"
          class="item"
          data-testid="str-data-13"
          role="option"
          tabindex="0"
        >
          13
        </li>
      </ul>
    </div>
    <div>
      Total:
       
      8
    </div>
  </div>
  <div
    class="ability"
  >
    <label
      id="dex-select-label"
    >
      Dexterity
    </label>
    <div
      aria-labelledby="dex-select-label"
      class="container"
      data-testid="dex"
    >
      <button
        aria-expanded="false"
        aria-haspopup="listbox"
        class="button"
        data-testid="dex-button"
        type="button"
      >
        —
        <svg
          aria-hidden="true"
          class="icon"
          fill="currentColor"
          viewBox="0 0 20 20"
          xmlns="http://www.w3.org/2000/svg"
        >
          <path
            clip-rule="evenodd"
            d="M5.293 7.293a1 1 0 011.414 0L10 10.586l3.293-3.293a1 1 0 111.414 1.414l-4 4a1 1 0 01-1.414 0l-4-4a1 1 0 010-1.414z"
            fill-rule="evenodd"
          />
        </svg>
      </button>
      <ul
        aria-activedescendant="—"
        class="list"
        data-testid="dex-list"
        role="listbox"
        style="display: none;"
        tabindex="-1"
      >
        <li
          aria-selected="true"
          class="item selected"
          data-testid="dex-data-blank"
          role="option"
          tabindex="0"
        >
          —
        </li>
        <li
          aria-selected="false"
          class="item"
          data-testid="dex-data-10"
          role="option"
          tabindex="0"
        >
          10
        </li>
        <li
          aria-selected="false"
          class="item"
          data-testid="dex-data-12"
          role="option"
          tabindex="0"
        >
          12
        </li>
        <li
          aria-selected="false"
          class="item"
          data-testid="dex-data-13"
          role="option"
          tabindex="0"
        >
          13
        </li>
      </ul>
    </div>
    <div>
      Total:
       
      —
    </div>
  </div>
  <div
    class="ability"
  >
    <label
      id="con-select-label"
    >
      Constitution
    </label>
    <div
      aria-labelledby="con-select-label"
      class="container"
      data-testid="con"
    >
      <button
        aria-expanded="false"
        aria-haspopup="listbox"
        class="button"
        data-testid="con-button"
        type="button"
      >
        14
        <svg
          aria-hidden="true"
          class="icon"
          fill="currentColor"
          viewBox="0 0 20 20"
          xmlns="http://www.w3.org/2000/svg"
        >
          <path
            clip-rule="evenodd"
            d="M5.293 7.293a1 1 0 011.414 0L10 10.586l3.293-3.293a1 1 0 111.414 1.414l-4 4a1 1 0 01-1.414 0l-4-4a1 1 0 010-1.414z"
            fill-rule="evenodd"
          />
        </svg>
      </button>
      <ul
        aria-activedescendant="14"
        class="list"
        data-testid="con-list"
        role="listbox"
        style="display: none;"
        tabindex="-1"
      >
        <li
          aria-selected="false"
          class="item"
          data-testid="con-data-blank"
          role="option"
          tabindex="0"
        >
          —
        </li>
        <li
          aria-selected="false"
          class="item"
          data-testid="con-data-10"
          role="option"
          tabindex="0"
        >
          10
        </li>
        <li
          aria-selected="false"
          class="item"
          data-testid="con-data-12"
          role="option"
          tabindex="0"
        >
          12
        </li>
        <li
          aria-selected="false"
          class="item"
          data-testid="con-data-13"
          role="option"
          tabindex="0"
        >
          13
        </li>
        <li
          aria-selected="true"
          class="item selected"
          data-testid="con-data-14"
          role="option"
          tabindex="0"
        >
          14
        </li>
      </ul>
    </div>
    <div>
      Total:
       
      14
    </div>
  </div>
  <div
    class="ability"
  >
    <label
      id="int-select-label"
    >
      Intelligence
    </label>
    <div
      aria-labelledby="int-select-label"
      class="container"
      data-testid="int"
    >
      <button
        aria-expanded="false"
        aria-haspopup="listbox"
        class="button"
        data-testid="int-button"
        type="button"
      >
        15
        <svg
          aria-hidden="true"
          class="icon"
          fill="currentColor"
          viewBox="0 0 20 20"
          xmlns="http://www.w3.org/2000/svg"
        >
          <path
            clip-rule="evenodd"
            d="M5.293 7.293a1 1 0 011.414 0L10 10.586l3.293-3.293a1 1 0 111.414 1.414l-4 4a1 1 0 01-1.414 0l-4-4a1 1 0 010-1.414z"
            fill-rule="evenodd"
          />
        </svg>
      </button>
      <ul
        aria-activedescendant="15"
        class="list"
        data-testid="int-list"
        role="listbox"
        style="display: none;"
        tabindex="-1"
      >
        <li
          aria-selected="false"
          class="item"
          data-testid="int-data-blank"
          role="option"
          tabindex="0"
        >
          —
        </li>
        <li
          aria-selected="false"
          class="item"
          data-testid="int-data-10"
          role="option"
          tabindex="0"
        >
          10
        </li>
        <li
          aria-selected="false"
          class="item"
          data-testid="int-data-12"
          role="option"
          tabindex="0"
        >
          12
        </li>
        <li
          aria-selected="false"
          class="item"
          data-testid="int-data-13"
          role="option"
          tabindex="0"
        >
          13
        </li>
        <li
          aria-selected="true"
          class="item selected"
          data-testid="int-data-15"
          role="option"
          tabindex="0"
        >
          15
        </li>
      </ul>
    </div>
    <div>
      Total:
       
      15
    </div>
  </div>
  <div
    class="ability"
  >
    <label
      id="wis-select-label"
    >
      Wisdom
    </label>
    <div
      aria-labelledby="wis-select-label"
      class="container"
      data-testid="wis"
    >
      <button
        aria-expanded="false"
        aria-haspopup="listbox"
        class="button"
        data-testid="wis-button"
        type="button"
      >
        —
        <svg
          aria-hidden="true"
          class="icon"
          fill="currentColor"
          viewBox="0 0 20 20"
          xmlns="http://www.w3.org/2000/svg"
        >
          <path
            clip-rule="evenodd"
            d="M5.293 7.293a1 1 0 011.414 0L10 10.586l3.293-3.293a1 1 0 111.414 1.414l-4 4a1 1 0 01-1.414 0l-4-4a1 1 0 010-1.414z"
            fill-rule="evenodd"
          />
        </svg>
      </button>
      <ul
        aria-activedescendant="—"
        class="list"
        data-testid="wis-list"
        role="listbox"
        style="display: none;"
        tabindex="-1"
      >
        <li
          aria-selected="true"
          class="item selected"
          data-testid="wis-data-blank"
          role="option"
          tabindex="0"
        >
          —
        </li>
        <li
          aria-selected="false"
          class="item"
          data-testid="wis-data-10"
          role="option"
          tabindex="0"
        >
          10
        </li>
        <li
          aria-selected="false"
          class="item"
          data-testid="wis-data-12"
          role="option"
          tabindex="0"
        >
          12
        </li>
        <li
          aria-selected="false"
          class="item"
          data-testid="wis-data-13"
          role="option"
          tabindex="0"
        >
          13
        </li>
      </ul>
    </div>
    <div>
      Total:
       
      —
    </div>
  </div>
  <div
    class="ability"
  >
    <label
      id="cha-select-label"
    >
      Charisma
    </label>
    <div
      aria-labelledby="cha-select-label"
      class="container"
      data-testid="cha"
    >
      <button
        aria-expanded="false"
        aria-haspopup="listbox"
        class="button"
        data-testid="cha-button"
        type="button"
      >
        —
        <svg
          aria-hidden="true"
          class="icon"
          fill="currentColor"
          viewBox="0 0 20 20"
          xmlns="http://www.w3.org/2000/svg"
        >
          <path
            clip-rule="evenodd"
            d="M5.293 7.293a1 1 0 011.414 0L10 10.586l3.293-3.293a1 1 0 111.414 1.414l-4 4a1 1 0 01-1.414 0l-4-4a1 1 0 010-1.414z"
            fill-rule="evenodd"
          />
        </svg>
      </button>
      <ul
        aria-activedescendant="—"
        class="list"
        data-testid="cha-list"
        role="listbox"
        style="display: none;"
        tabindex="-1"
      >
        <li
          aria-selected="true"
          class="item selected"
          data-testid="cha-data-blank"
          role="option"
          tabindex="0"
        >
          —
        </li>
        <li
          aria-selected="false"
          class="item"
          data-testid="cha-data-10"
          role="option"
          tabindex="0"
        >
          10
        </li>
        <li
          aria-selected="false"
          class="item"
          data-testid="cha-data-12"
          role="option"
          tabindex="0"
        >
          12
        </li>
        <li
          aria-selected="false"
          class="item"
          data-testid="cha-data-13"
          role="option"
          tabindex="0"
        >
          13
        </li>
      </ul>
    </div>
    <div>
      Total:
       
      —
    </div>
  </div>
</div>
`;
