// Jest Snapshot v1, https://goo.gl/fbAQLP

exports[`renders correctly 1`] = `
<div
  aria-label="toast"
  class="toast toast-success"
  role="alert"
>
  <div
    class="icon-container"
  >
    <svg
      aria-hidden="false"
      aria-label="Success"
      class="icon success-icon"
      fill="currentColor"
      role="img"
      viewBox="0 0 24 24"
      xmlns="http://www.w3.org/2000/svg"
    >
      <path
        clip-rule="evenodd"
        d="M2.25 12c0-5.385 4.365-9.75 9.75-9.75s9.75 4.365 9.75 9.75-4.365 9.75-9.75 9.75S2.25 17.385 2.25 12zm13.36-1.814a.75.75 0 10-1.22-.872l-3.236 4.53L9.53 12.22a.75.75 0 00-1.06 1.06l2.25 2.25a.75.75 0 001.14-.094l3.75-5.25z"
        fill-rule="evenodd"
      />
    </svg>
  </div>
  <div
    class="toast-text"
  >
    <div
      class="toast-title"
    >
      Success!
    </div>
    <p
      class="message"
    />
  </div>
  <div
    class="x-container"
  >
    <svg
      aria-hidden="false"
      aria-label="Close toast"
      class="x-icon"
      fill="currentColor"
      role="button"
      tabindex="-1"
      viewBox="0 0 24 24"
      xmlns="http://www.w3.org/2000/svg"
    >
      <path
        clip-rule="evenodd"
        d="M5.47 5.47a.75.75 0 011.06 0L12 10.94l5.47-5.47a.75.75 0 111.06 1.06L13.06 12l5.47 5.47a.75.75 0 11-1.06 1.06L12 13.06l-5.47 5.47a.75.75 0 01-1.06-1.06L10.94 12 5.47 6.53a.75.75 0 010-1.06z"
        fill-rule="evenodd"
      />
    </svg>
  </div>
</div>
`;
