// Jest Snapshot v1, https://goo.gl/fbAQLP

exports[`renders correctly 1`] = `
<main
  class="main"
  data-testid="race"
>
  <div
    class="content"
  >
    <section
      class="container"
      data-testid="general-info-bar"
    >
      <div
        class="name-container"
      >
        <div
          class="input-and-error-container"
          data-testid="text-input"
        >
          <div
            class="input-and-label-container"
          >
            <div
              class="input-container"
            >
              <input
                class="input"
                id="characterName"
                name="characterName"
                type="text"
                value=""
              />
            </div>
            <label
              class="label light-label"
              for="characterName"
            >
              Character Name
            </label>
          </div>
        </div>
      </div>
      <div
        aria-label="Set Hit Points"
        class="hp-container"
        data-testid="hit-points-button"
        role="button"
        tabindex="0"
      >
        <svg
          aria-hidden="true"
          class="hp-icon"
          fill="currentColor"
          viewBox="0 0 24 24"
          xmlns="http://www.w3.org/2000/svg"
        >
          <path
            d="M11.645 20.91l-.007-.003-.022-.012a15.247 15.247 0 01-.383-.218 25.18 25.18 0 01-4.244-3.17C4.688 15.36 2.25 12.174 2.25 8.25 2.25 5.322 4.714 3 7.688 3A5.5 5.5 0 0112 5.052 5.5 5.5 0 0116.313 3c2.973 0 5.437 2.322 5.437 5.25 0 3.925-2.438 7.111-4.739 9.256a25.175 25.175 0 01-4.244 3.17 15.247 15.247 0 01-.383.219l-.022.012-.007.004-.003.001a.752.752 0 01-.704 0l-.003-.001z"
          />
        </svg>
        <div
          class="hp"
        >
          â€” HP
        </div>
      </div>
    </section>
    <h1
      class="title"
    >
      Choose Race
    </h1>
    <ul
      class="race-list"
    >
      <li
        class="option-li"
        data-testid="option"
      >
        <div>
          <div
            aria-label="DragonBorn"
            class="option-container"
            role="button"
            tabindex="0"
          >
            <div
              class="option-title"
            >
              <div
                class="icon-container"
              >
                <svg
                  class="icon"
                >
                  <use
                    xlink:href="/Icons.svg#dragonborn"
                  />
                </svg>
              </div>
               
              DragonBorn
            </div>
            <svg
              aria-hidden="true"
              class="chevron"
              data-testid="chevron-right"
              fill="currentColor"
              viewBox="0 0 24 24"
              xmlns="http://www.w3.org/2000/svg"
            >
              <path
                clip-rule="evenodd"
                d="M16.28 11.47a.75.75 0 010 1.06l-7.5 7.5a.75.75 0 01-1.06-1.06L14.69 12 7.72 5.03a.75.75 0 011.06-1.06l7.5 7.5z"
                fill-rule="evenodd"
              />
            </svg>
          </div>
        </div>
      </li>
      <li
        class="option-li"
        data-testid="option"
      >
        <div>
          <div
            aria-label="Hill Dwarf"
            class="option-container"
            role="button"
            tabindex="0"
          >
            <div
              class="option-title"
            >
              <div
                class="icon-container"
              >
                <svg
                  class="icon"
                >
                  <use
                    xlink:href="/Icons.svg#dwarf"
                  />
                </svg>
              </div>
               
              Hill Dwarf
            </div>
            <svg
              aria-hidden="true"
              class="chevron"
              data-testid="chevron-right"
              fill="currentColor"
              viewBox="0 0 24 24"
              xmlns="http://www.w3.org/2000/svg"
            >
              <path
                clip-rule="evenodd"
                d="M16.28 11.47a.75.75 0 010 1.06l-7.5 7.5a.75.75 0 01-1.06-1.06L14.69 12 7.72 5.03a.75.75 0 011.06-1.06l7.5 7.5z"
                fill-rule="evenodd"
              />
            </svg>
          </div>
        </div>
      </li>
      <li
        class="option-li"
        data-testid="option"
      >
        <div>
          <div
            aria-label="High Elf"
            class="option-container"
            role="button"
            tabindex="0"
          >
            <div
              class="option-title"
            >
              <div
                class="icon-container"
              >
                <svg
                  class="icon"
                >
                  <use
                    xlink:href="/Icons.svg#elf"
                  />
                </svg>
              </div>
               
              High Elf
            </div>
            <svg
              aria-hidden="true"
              class="chevron"
              data-testid="chevron-right"
              fill="currentColor"
              viewBox="0 0 24 24"
              xmlns="http://www.w3.org/2000/svg"
            >
              <path
                clip-rule="evenodd"
                d="M16.28 11.47a.75.75 0 010 1.06l-7.5 7.5a.75.75 0 01-1.06-1.06L14.69 12 7.72 5.03a.75.75 0 011.06-1.06l7.5 7.5z"
                fill-rule="evenodd"
              />
            </svg>
          </div>
        </div>
      </li>
      <li
        class="option-li"
        data-testid="option"
      >
        <div>
          <div
            aria-label="Rock Gnome"
            class="option-container"
            role="button"
            tabindex="0"
          >
            <div
              class="option-title"
            >
              <div
                class="icon-container"
              >
                <svg
                  class="icon"
                >
                  <use
                    xlink:href="/Icons.svg#gnome"
                  />
                </svg>
              </div>
               
              Rock Gnome
            </div>
            <svg
              aria-hidden="true"
              class="chevron"
              data-testid="chevron-right"
              fill="currentColor"
              viewBox="0 0 24 24"
              xmlns="http://www.w3.org/2000/svg"
            >
              <path
                clip-rule="evenodd"
                d="M16.28 11.47a.75.75 0 010 1.06l-7.5 7.5a.75.75 0 01-1.06-1.06L14.69 12 7.72 5.03a.75.75 0 011.06-1.06l7.5 7.5z"
                fill-rule="evenodd"
              />
            </svg>
          </div>
        </div>
      </li>
      <li
        class="option-li"
        data-testid="option"
      >
        <div>
          <div
            aria-label="Half Elf"
            class="option-container"
            role="button"
            tabindex="0"
          >
            <div
              class="option-title"
            >
              <div
                class="icon-container"
              >
                <svg
                  class="icon"
                >
                  <use
                    xlink:href="/Icons.svg#half-elf"
                  />
                </svg>
              </div>
               
              Half Elf
            </div>
            <svg
              aria-hidden="true"
              class="chevron"
              data-testid="chevron-right"
              fill="currentColor"
              viewBox="0 0 24 24"
              xmlns="http://www.w3.org/2000/svg"
            >
              <path
                clip-rule="evenodd"
                d="M16.28 11.47a.75.75 0 010 1.06l-7.5 7.5a.75.75 0 01-1.06-1.06L14.69 12 7.72 5.03a.75.75 0 011.06-1.06l7.5 7.5z"
                fill-rule="evenodd"
              />
            </svg>
          </div>
        </div>
      </li>
      <li
        class="option-li"
        data-testid="option"
      >
        <div>
          <div
            aria-label="Half Orc"
            class="option-container"
            role="button"
            tabindex="0"
          >
            <div
              class="option-title"
            >
              <div
                class="icon-container"
              >
                <svg
                  class="icon"
                >
                  <use
                    xlink:href="/Icons.svg#half-orc"
                  />
                </svg>
              </div>
               
              Half Orc
            </div>
            <svg
              aria-hidden="true"
              class="chevron"
              data-testid="chevron-right"
              fill="currentColor"
              viewBox="0 0 24 24"
              xmlns="http://www.w3.org/2000/svg"
            >
              <path
                clip-rule="evenodd"
                d="M16.28 11.47a.75.75 0 010 1.06l-7.5 7.5a.75.75 0 01-1.06-1.06L14.69 12 7.72 5.03a.75.75 0 011.06-1.06l7.5 7.5z"
                fill-rule="evenodd"
              />
            </svg>
          </div>
        </div>
      </li>
      <li
        class="option-li"
        data-testid="option"
      >
        <div>
          <div
            aria-label="Lightfoot Halfling"
            class="option-container"
            role="button"
            tabindex="0"
          >
            <div
              class="option-title"
            >
              <div
                class="icon-container"
              >
                <svg
                  class="icon"
                >
                  <use
                    xlink:href="/Icons.svg#halfling"
                  />
                </svg>
              </div>
               
              Lightfoot Halfling
            </div>
            <svg
              aria-hidden="true"
              class="chevron"
              data-testid="chevron-right"
              fill="currentColor"
              viewBox="0 0 24 24"
              xmlns="http://www.w3.org/2000/svg"
            >
              <path
                clip-rule="evenodd"
                d="M16.28 11.47a.75.75 0 010 1.06l-7.5 7.5a.75.75 0 01-1.06-1.06L14.69 12 7.72 5.03a.75.75 0 011.06-1.06l7.5 7.5z"
                fill-rule="evenodd"
              />
            </svg>
          </div>
        </div>
      </li>
      <li
        class="option-li"
        data-testid="option"
      >
        <div>
          <div
            aria-label="Human"
            class="option-container"
            role="button"
            tabindex="0"
          >
            <div
              class="option-title"
            >
              <div
                class="icon-container"
              >
                <svg
                  class="icon"
                >
                  <use
                    xlink:href="/Icons.svg#human"
                  />
                </svg>
              </div>
               
              Human
            </div>
            <svg
              aria-hidden="true"
              class="chevron"
              data-testid="chevron-right"
              fill="currentColor"
              viewBox="0 0 24 24"
              xmlns="http://www.w3.org/2000/svg"
            >
              <path
                clip-rule="evenodd"
                d="M16.28 11.47a.75.75 0 010 1.06l-7.5 7.5a.75.75 0 01-1.06-1.06L14.69 12 7.72 5.03a.75.75 0 011.06-1.06l7.5 7.5z"
                fill-rule="evenodd"
              />
            </svg>
          </div>
        </div>
      </li>
      <li
        class="option-li"
        data-testid="option"
      >
        <div>
          <div
            aria-label="Tiefling"
            class="option-container"
            role="button"
            tabindex="0"
          >
            <div
              class="option-title"
            >
              <div
                class="icon-container"
              >
                <svg
                  class="icon"
                >
                  <use
                    xlink:href="/Icons.svg#tiefling"
                  />
                </svg>
              </div>
               
              Tiefling
            </div>
            <svg
              aria-hidden="true"
              class="chevron"
              data-testid="chevron-right"
              fill="currentColor"
              viewBox="0 0 24 24"
              xmlns="http://www.w3.org/2000/svg"
            >
              <path
                clip-rule="evenodd"
                d="M16.28 11.47a.75.75 0 010 1.06l-7.5 7.5a.75.75 0 01-1.06-1.06L14.69 12 7.72 5.03a.75.75 0 011.06-1.06l7.5 7.5z"
                fill-rule="evenodd"
              />
            </svg>
          </div>
        </div>
      </li>
    </ul>
  </div>
</main>
`;
